
> testrq-3.0@0.1.0 build
> cross-env NODE_OPTIONS='--max-old-space-size=4096' next build

npm : You are using 
Node.js 19.6.0. For 
Next.js, Node.js 
version "^18.18.0 || 
^19.8.0 || >= 
20.0.0" is required.
At line:1 char:1
+ npm run build > 
build_output.log 2>&1
+ ~~~~~~~~~~~~~~~~~~~
~~~~~~~~~~~~~~~~~~
    + CategoryInfo   
           : NotSpe  
  cified: (You are   
  using N...0" is    
 required.:Strin    
g) [], RemoteExc    
eption
    + FullyQualified 
   ErrorId : Native  
  CommandError
 
