.next/dev/types/validator.ts(71,39): error TS2307: Cannot find module '../../../src/app/(services)/application-architecture-inspection-services/page.js' or its corresponding type declarations.
.next/types/validator.ts(80,39): error TS2307: Cannot find module '../../src/app/(services)/azure-testing-services/page.js' or its corresponding type declarations.
src/components/sections/TimezoneAdvantageSection.tsx(5,10): error TS2724: '"react-icons/fa"' has no exported member named 'FaZap'. Did you mean 'FaMap'?
src/components/sections/TimezoneServicesGrid.tsx(5,19): error TS2724: '"react-icons/fa"' has no exported member named 'FaArrowRotateRight'. Did you mean 'FaArrowRight'?
